------------------------------------------------------------
Timing Analyzer Summary
------------------------------------------------------------

Type  : Slow 1200mV 85C Model Setup 'clk'
Slack : -11.108
TNS   : -3293.299

Type  : Slow 1200mV 85C Model Setup 'FSM:FSM0|selADDR1MUX'
Slack : -9.314
TNS   : -140.249

Type  : Slow 1200mV 85C Model Setup 'clkExt'
Slack : -2.212
TNS   : -283.136

Type  : Slow 1200mV 85C Model Hold 'clk'
Slack : 0.386
TNS   : 0.000

Type  : Slow 1200mV 85C Model Hold 'clkExt'
Slack : 0.431
TNS   : 0.000

Type  : Slow 1200mV 85C Model Hold 'FSM:FSM0|selADDR1MUX'
Slack : 0.895
TNS   : 0.000

Type  : Slow 1200mV 85C Model Minimum Pulse Width 'clkExt'
Slack : -3.000
TNS   : -1389.526

Type  : Slow 1200mV 85C Model Minimum Pulse Width 'clk'
Slack : -3.000
TNS   : -1362.217

Type  : Slow 1200mV 85C Model Minimum Pulse Width 'FSM:FSM0|selADDR1MUX'
Slack : 0.438
TNS   : 0.000

Type  : Slow 1200mV 0C Model Setup 'clk'
Slack : -10.235
TNS   : -2987.136

Type  : Slow 1200mV 0C Model Setup 'FSM:FSM0|selADDR1MUX'
Slack : -8.472
TNS   : -129.886

Type  : Slow 1200mV 0C Model Setup 'clkExt'
Slack : -1.904
TNS   : -243.712

Type  : Slow 1200mV 0C Model Hold 'clk'
Slack : 0.339
TNS   : 0.000

Type  : Slow 1200mV 0C Model Hold 'clkExt'
Slack : 0.398
TNS   : 0.000

Type  : Slow 1200mV 0C Model Hold 'FSM:FSM0|selADDR1MUX'
Slack : 0.857
TNS   : 0.000

Type  : Slow 1200mV 0C Model Minimum Pulse Width 'clkExt'
Slack : -3.000
TNS   : -1366.998

Type  : Slow 1200mV 0C Model Minimum Pulse Width 'clk'
Slack : -3.000
TNS   : -1345.321

Type  : Slow 1200mV 0C Model Minimum Pulse Width 'FSM:FSM0|selADDR1MUX'
Slack : 0.409
TNS   : 0.000

Type  : Fast 1200mV 0C Model Setup 'clk'
Slack : -5.098
TNS   : -1503.221

Type  : Fast 1200mV 0C Model Setup 'FSM:FSM0|selADDR1MUX'
Slack : -4.652
TNS   : -71.852

Type  : Fast 1200mV 0C Model Setup 'clkExt'
Slack : -0.314
TNS   : -40.192

Type  : Fast 1200mV 0C Model Hold 'clk'
Slack : 0.169
TNS   : 0.000

Type  : Fast 1200mV 0C Model Hold 'clkExt'
Slack : 0.191
TNS   : 0.000

Type  : Fast 1200mV 0C Model Hold 'FSM:FSM0|selADDR1MUX'
Slack : 0.246
TNS   : 0.000

Type  : Fast 1200mV 0C Model Minimum Pulse Width 'clk'
Slack : -3.000
TNS   : -713.319

Type  : Fast 1200mV 0C Model Minimum Pulse Width 'clkExt'
Slack : -3.000
TNS   : -583.954

Type  : Fast 1200mV 0C Model Minimum Pulse Width 'FSM:FSM0|selADDR1MUX'
Slack : 0.428
TNS   : 0.000

------------------------------------------------------------
